
Admin@DESKTOP-U4ESRFO MINGW64 ~/Desktop/46_Luong_Ba_Thuoc_bai_tap (main)
$ ls
README.md

Admin@DESKTOP-U4ESRFO MINGW64 ~/Desktop/46_Luong_Ba_Thuoc_bai_tap (main)
$ notepad README.md

Admin@DESKTOP-U4ESRFO MINGW64 ~/Desktop/46_Luong_Ba_Thuoc_bai_tap (main)
$ git status
On branch main
Your branch is up to date with 'origin/main'.

Changes not staged for commit:
  (use "git add <file>..." to update what will be committed)
  (use "git restore <file>..." to discard changes in working directory)
        modified:   README.md

Untracked files:
  (use "git add <file>..." to include in what will be committed)
        .Rhistory

no changes added to commit (use "git add" and/or "git commit -a")

Admin@DESKTOP-U4ESRFO MINGW64 ~/Desktop/46_Luong_Ba_Thuoc_bai_tap (main)
$ git add README.md

Admin@DESKTOP-U4ESRFO MINGW64 ~/Desktop/46_Luong_Ba_Thuoc_bai_tap (main)
$ git commit -m "first update README.md file"
[main dc77459] first update README.md file
 1 file changed, 18 insertions(+), 1 deletion(-)

Admin@DESKTOP-U4ESRFO MINGW64 ~/Desktop/46_Luong_Ba_Thuoc_bai_tap (main)
$ git push origin main
info: please complete authentication in your browser...
Enumerating objects: 5, done.
Counting objects: 100% (5/5), done.
Delta compression using up to 2 threads
Compressing objects: 100% (2/2), done.
Writing objects: 100% (3/3), 647 bytes | 161.00 KiB/s, done.
Total 3 (delta 0), reused 0 (delta 0), pack-reused 0 (from 0)
To https://github.com/lbthuoc/46_Luong_Ba_Thuoc_bai_tap.git
   4d6a2d8..dc77459  main -> main

Admin@DESKTOP-U4ESRFO MINGW64 ~/Desktop/46_Luong_Ba_Thuoc_bai_tap (main)
$ git status
On branch main
Your branch is up to date with 'origin/main'.

Untracked files:
  (use "git add <file>..." to include in what will be committed)
        .Rhistory

nothing added to commit but untracked files present (use "git add" to track)

Admin@DESKTOP-U4ESRFO MINGW64 ~/Desktop/46_Luong_Ba_Thuoc_bai_tap (main)
$ git log
commit dc77459d9833f7f333cc42ce38aecca6c829c8be (HEAD -> main, origin/main, origin/HEAD)
Author: Luong Ba Thuoc <phamthuocthien0@gmail.com>
Date:   Wed Oct 22 15:07:55 2025 +0700

    first update README.md file

commit 4d6a2d864e79f51e8042ff399ad6fe9ebed062f4
Author: lbthuoc <lbthuoc.25174600091@sv.uneti.edu.vn>
Date:   Wed Oct 22 14:27:53 2025 +0700

    Initial commit

Admin@DESKTOP-U4ESRFO MINGW64 ~/Desktop/46_Luong_Ba_Thuoc_bai_tap (main)
$ notepad BT3.txt

Admin@DESKTOP-U4ESRFO MINGW64 ~/Desktop/46_Luong_Ba_Thuoc_bai_tap (main)
$ git status
On branch main
Your branch is up to date with 'origin/main'.

Untracked files:
  (use "git add <file>..." to include in what will be committed)
        .Rhistory
        BT3.txt

nothing added to commit but untracked files present (use "git add" to track)

Admin@DESKTOP-U4ESRFO MINGW64 ~/Desktop/46_Luong_Ba_Thuoc_bai_tap (main)
$ git add BT3.txt

Admin@DESKTOP-U4ESRFO MINGW64 ~/Desktop/46_Luong_Ba_Thuoc_bai_tap (main)
$ git status
On branch main
Your branch is up to date with 'origin/main'.

Changes to be committed:
  (use "git restore --staged <file>..." to unstage)
        new file:   BT3.txt

Untracked files:
  (use "git add <file>..." to include in what will be committed)
        .Rhistory


Admin@DESKTOP-U4ESRFO MINGW64 ~/Desktop/46_Luong_Ba_Thuoc_bai_tap (main)
$ git commit -m "Add new file BT3.txt for exercise 3"
[main 713132c] Add new file BT3.txt for exercise 3
 1 file changed, 2 insertions(+)
 create mode 100644 BT3.txt

Admin@DESKTOP-U4ESRFO MINGW64 ~/Desktop/46_Luong_Ba_Thuoc_bai_tap (main)
$ git push origin main
Enumerating objects: 4, done.
Counting objects: 100% (4/4), done.
Delta compression using up to 2 threads
Compressing objects: 100% (3/3), done.
Writing objects: 100% (3/3), 381 bytes | 76.00 KiB/s, done.
Total 3 (delta 0), reused 0 (delta 0), pack-reused 0 (from 0)
To https://github.com/lbthuoc/46_Luong_Ba_Thuoc_bai_tap.git
   dc77459..713132c  main -> main

Admin@DESKTOP-U4ESRFO MINGW64 ~/Desktop/46_Luong_Ba_Thuoc_bai_tap (main)
$ git status
On branch main
Your branch is up to date with 'origin/main'.

Untracked files:
  (use "git add <file>..." to include in what will be committed)
        .Rhistory

nothing added to commit but untracked files present (use "git add" to track)

Admin@DESKTOP-U4ESRFO MINGW64 ~/Desktop/46_Luong_Ba_Thuoc_bai_tap (main)
$ git status
On branch main
Your branch is up to date with 'origin/main'.

Untracked files:
  (use "git add <file>..." to include in what will be committed)
        .Rhistory

nothing added to commit but untracked files present (use "git add" to track)

Admin@DESKTOP-U4ESRFO MINGW64 ~/Desktop/46_Luong_Ba_Thuoc_bai_tap (main)
$ git branch
* main

Admin@DESKTOP-U4ESRFO MINGW64 ~/Desktop/46_Luong_Ba_Thuoc_bai_tap (main)
$ git checkout -b branch_1
Switched to a new branch 'branch_1'

Admin@DESKTOP-U4ESRFO MINGW64 ~/Desktop/46_Luong_Ba_Thuoc_bai_tap (branch_1)
$ echo "Lorem ipsum dolor sit amet, consectetur adipiscing elit." > text_branch_1.txt

Admin@DESKTOP-U4ESRFO MINGW64 ~/Desktop/46_Luong_Ba_Thuoc_bai_tap (branch_1)
$ git add text_branch_1.txt
git commit -m "Add text_branch_1.txt for branch_1"
warning: in the working copy of 'text_branch_1.txt', LF will be replaced by CRLF the next time Git touches it
[branch_1 77c0127] Add text_branch_1.txt for branch_1
 1 file changed, 1 insertion(+)
 create mode 100644 text_branch_1.txt

Admin@DESKTOP-U4ESRFO MINGW64 ~/Desktop/46_Luong_Ba_Thuoc_bai_tap (branch_1)
$ git push origin branch_1
Enumerating objects: 4, done.
Counting objects: 100% (4/4), done.
Delta compression using up to 2 threads
Compressing objects: 100% (3/3), done.
Writing objects: 100% (3/3), 393 bytes | 131.00 KiB/s, done.
Total 3 (delta 0), reused 0 (delta 0), pack-reused 0 (from 0)
remote:
remote: Create a pull request for 'branch_1' on GitHub by visiting:
remote:      https://github.com/lbthuoc/46_Luong_Ba_Thuoc_bai_tap/pull/new/branch_1
remote:
To https://github.com/lbthuoc/46_Luong_Ba_Thuoc_bai_tap.git
 * [new branch]      branch_1 -> branch_1

Admin@DESKTOP-U4ESRFO MINGW64 ~/Desktop/46_Luong_Ba_Thuoc_bai_tap (branch_1)
$ git checkout main
Switched to branch 'main'
Your branch is up to date with 'origin/main'.

Admin@DESKTOP-U4ESRFO MINGW64 ~/Desktop/46_Luong_Ba_Thuoc_bai_tap (main)
$ git checkout -b branch_2
Switched to a new branch 'branch_2'

Admin@DESKTOP-U4ESRFO MINGW64 ~/Desktop/46_Luong_Ba_Thuoc_bai_tap (branch_2)
$ echo "Praesent ullamcorper orci eu erat placerat sodales." > text_branch_2.txt

Admin@DESKTOP-U4ESRFO MINGW64 ~/Desktop/46_Luong_Ba_Thuoc_bai_tap (branch_2)
$ ^[[200~git add text_branch_2.txt
git add text_branch_2.txt
bash: :s^[[200~git add text_branch_2.txt: substitution failed
warning: in the working copy of 'text_branch_2.txt', LF will be replaced by CRLF the next time Git touches it

Admin@DESKTOP-U4ESRFO MINGW64 ~/Desktop/46_Luong_Ba_Thuoc_bai_tap (branch_2)
$ git add text_branch_2.txt

Admin@DESKTOP-U4ESRFO MINGW64 ~/Desktop/46_Luong_Ba_Thuoc_bai_tap (branch_2)
$ git commit -m "Add text_branch_2.txt for branch_2"
[branch_2 f3df44b] Add text_branch_2.txt for branch_2
 1 file changed, 1 insertion(+)
 create mode 100644 text_branch_2.txt

Admin@DESKTOP-U4ESRFO MINGW64 ~/Desktop/46_Luong_Ba_Thuoc_bai_tap (branch_2)
$ git push origin branch_2
Enumerating objects: 4, done.
Counting objects: 100% (4/4), done.
Delta compression using up to 2 threads
Compressing objects: 100% (3/3), done.
Writing objects: 100% (3/3), 385 bytes | 27.00 KiB/s, done.
Total 3 (delta 0), reused 0 (delta 0), pack-reused 0 (from 0)
remote:
remote: Create a pull request for 'branch_2' on GitHub by visiting:
remote:      https://github.com/lbthuoc/46_Luong_Ba_Thuoc_bai_tap/pull/new/branch_2
remote:
To https://github.com/lbthuoc/46_Luong_Ba_Thuoc_bai_tap.git
 * [new branch]      branch_2 -> branch_2

Admin@DESKTOP-U4ESRFO MINGW64 ~/Desktop/46_Luong_Ba_Thuoc_bai_tap (branch_2)
$ git checkout main
Switched to branch 'main'
Your branch is up to date with 'origin/main'.

Admin@DESKTOP-U4ESRFO MINGW64 ~/Desktop/46_Luong_Ba_Thuoc_bai_tap (main)
$ git checkout -b branch_3
Switched to a new branch 'branch_3'

Admin@DESKTOP-U4ESRFO MINGW64 ~/Desktop/46_Luong_Ba_Thuoc_bai_tap (branch_3)
$ echo "Integer sit amet nisi aliquam, tempor libero quis, cursus erat." > text_branch_3.txt

Admin@DESKTOP-U4ESRFO MINGW64 ~/Desktop/46_Luong_Ba_Thuoc_bai_tap (branch_3)
$ git add text_branch_3.txt
warning: in the working copy of 'text_branch_3.txt', LF will be replaced by CRLF the next time Git touches it

Admin@DESKTOP-U4ESRFO MINGW64 ~/Desktop/46_Luong_Ba_Thuoc_bai_tap (branch_3)
$ git add text_branch_3.txt

Admin@DESKTOP-U4ESRFO MINGW64 ~/Desktop/46_Luong_Ba_Thuoc_bai_tap (branch_3)
$ git commit -m "Add text_branch_3.txt for branch_3"
[branch_3 3140af5] Add text_branch_3.txt for branch_3
 1 file changed, 1 insertion(+)
 create mode 100644 text_branch_3.txt

Admin@DESKTOP-U4ESRFO MINGW64 ~/Desktop/46_Luong_Ba_Thuoc_bai_tap (branch_3)
$ git push origin branch_3
Enumerating objects: 4, done.
Counting objects: 100% (4/4), done.
Delta compression using up to 2 threads
Compressing objects: 100% (3/3), done.
Writing objects: 100% (3/3), 394 bytes | 78.00 KiB/s, done.
Total 3 (delta 0), reused 0 (delta 0), pack-reused 0 (from 0)
remote:
remote: Create a pull request for 'branch_3' on GitHub by visiting:
remote:      https://github.com/lbthuoc/46_Luong_Ba_Thuoc_bai_tap/pull/new/branch_3
remote:
To https://github.com/lbthuoc/46_Luong_Ba_Thuoc_bai_tap.git
 * [new branch]      branch_3 -> branch_3

Admin@DESKTOP-U4ESRFO MINGW64 ~/Desktop/46_Luong_Ba_Thuoc_bai_tap (branch_3)
$ git checkout main
Switched to branch 'main'
Your branch is up to date with 'origin/main'.

Admin@DESKTOP-U4ESRFO MINGW64 ~/Desktop/46_Luong_Ba_Thuoc_bai_tap (main)
$ git checkout -b branch_4
Switched to a new branch 'branch_4'

Admin@DESKTOP-U4ESRFO MINGW64 ~/Desktop/46_Luong_Ba_Thuoc_bai_tap (branch_4)
$ echo "Cras ac mi nec nisi porta ultrices sed non ante." > text_branch_4.txt

Admin@DESKTOP-U4ESRFO MINGW64 ~/Desktop/46_Luong_Ba_Thuoc_bai_tap (branch_4)
$ git add text_branch_4.txt
warning: in the working copy of 'text_branch_4.txt', LF will be replaced by CRLF the next time Git touches it

Admin@DESKTOP-U4ESRFO MINGW64 ~/Desktop/46_Luong_Ba_Thuoc_bai_tap (branch_4)
$ git add text_branch_4.txt

Admin@DESKTOP-U4ESRFO MINGW64 ~/Desktop/46_Luong_Ba_Thuoc_bai_tap (branch_4)
$ git commit -m "Add text_branch_4.txt for branch_4"
[branch_4 0efe61d] Add text_branch_4.txt for branch_4
 1 file changed, 1 insertion(+)
 create mode 100644 text_branch_4.txt

Admin@DESKTOP-U4ESRFO MINGW64 ~/Desktop/46_Luong_Ba_Thuoc_bai_tap (branch_4)
$ git push origin branch_4
Enumerating objects: 4, done.
Counting objects: 100% (4/4), done.
Delta compression using up to 2 threads
Compressing objects: 100% (2/2), done.
Writing objects: 100% (3/3), 386 bytes | 77.00 KiB/s, done.
Total 3 (delta 0), reused 0 (delta 0), pack-reused 0 (from 0)
remote:
remote: Create a pull request for 'branch_4' on GitHub by visiting:
remote:      https://github.com/lbthuoc/46_Luong_Ba_Thuoc_bai_tap/pull/new/branch_4
remote:
To https://github.com/lbthuoc/46_Luong_Ba_Thuoc_bai_tap.git
 * [new branch]      branch_4 -> branch_4

Admin@DESKTOP-U4ESRFO MINGW64 ~/Desktop/46_Luong_Ba_Thuoc_bai_tap (branch_4)
$ git branch -a
  branch_1
  branch_2
  branch_3
* branch_4
  main
  remotes/origin/HEAD -> origin/main
  remotes/origin/branch_1
  remotes/origin/branch_2
  remotes/origin/branch_3
  remotes/origin/branch_4
  remotes/origin/main

Admin@DESKTOP-U4ESRFO MINGW64 ~/Desktop/46_Luong_Ba_Thuoc_bai_tap (branch_4)
$ git checkout main
Switched to branch 'main'
Your branch is up to date with 'origin/main'.

Admin@DESKTOP-U4ESRFO MINGW64 ~/Desktop/46_Luong_Ba_Thuoc_bai_tap (main)
$ git branch -d branch_4
error: the branch 'branch_4' is not fully merged
hint: If you are sure you want to delete it, run 'git branch -D branch_4'
hint: Disable this message with "git config set advice.forceDeleteBranch false"

Admin@DESKTOP-U4ESRFO MINGW64 ~/Desktop/46_Luong_Ba_Thuoc_bai_tap (main)
$ git branch -D branch_4
Deleted branch branch_4 (was 0efe61d).

Admin@DESKTOP-U4ESRFO MINGW64 ~/Desktop/46_Luong_Ba_Thuoc_bai_tap (main)
$ git branch --list
  branch_1
  branch_2
  branch_3
* main

Admin@DESKTOP-U4ESRFO MINGW64 ~/Desktop/46_Luong_Ba_Thuoc_bai_tap (main)
$ git branch -r
  origin/HEAD -> origin/main
  origin/branch_1
  origin/branch_2
  origin/branch_3
  origin/branch_4
  origin/main

Admin@DESKTOP-U4ESRFO MINGW64 ~/Desktop/46_Luong_Ba_Thuoc_bai_tap (main)
$ git push origin --delete branch_4
To https://github.com/lbthuoc/46_Luong_Ba_Thuoc_bai_tap.git
 - [deleted]         branch_4

Admin@DESKTOP-U4ESRFO MINGW64 ~/Desktop/46_Luong_Ba_Thuoc_bai_tap (main)
$ git checkout main
Already on 'main'
Your branch is up to date with 'origin/main'.

Admin@DESKTOP-U4ESRFO MINGW64 ~/Desktop/46_Luong_Ba_Thuoc_bai_tap (main)
$ git pull
Already up to date.

Admin@DESKTOP-U4ESRFO MINGW64 ~/Desktop/46_Luong_Ba_Thuoc_bai_tap (main)
$ git status
On branch main
Your branch is up to date with 'origin/main'.

Untracked files:
  (use "git add <file>..." to include in what will be committed)
        .Rhistory

nothing added to commit but untracked files present (use "git add" to track)

Admin@DESKTOP-U4ESRFO MINGW64 ~/Desktop/46_Luong_Ba_Thuoc_bai_tap (main)
$ git checkout main
Already on 'main'
Your branch is up to date with 'origin/main'.

Admin@DESKTOP-U4ESRFO MINGW64 ~/Desktop/46_Luong_Ba_Thuoc_bai_tap (main)
$ mkdir main_folder

Admin@DESKTOP-U4ESRFO MINGW64 ~/Desktop/46_Luong_Ba_Thuoc_bai_tap (main)
$ echo "Noi dung file 1 trong nhanh main" > main_folder/main_txt_1.txt

Admin@DESKTOP-U4ESRFO MINGW64 ~/Desktop/46_Luong_Ba_Thuoc_bai_tap (main)
$ echo "Noi dung file 2 trong nhanh main" > main_folder/main_txt_2.txt

Admin@DESKTOP-U4ESRFO MINGW64 ~/Desktop/46_Luong_Ba_Thuoc_bai_tap (main)
$ echo "Noi dung file 3 trong nhanh main" > main_folder/main_txt_3.txt

Admin@DESKTOP-U4ESRFO MINGW64 ~/Desktop/46_Luong_Ba_Thuoc_bai_tap (main)
 Merge branch 'main' of https://github.com/lbthuoc/46_Luong_Ba_Thuoc_bai_tap into branch_1





























Merge branch 'main' of







































































From https://github.com/lbthuoc/46_Luong_Ba_Thuoc_bai_tap
 * branch            main       -> FETCH_HEAD
Merge made by the 'ort' strategy.
 main_folder/main_txt_1.txt | 1 +
 main_folder/main_txt_2.txt | 1 +
 main_folder/main_txt_3.txt | 1 +
 3 files changed, 3 insertions(+)
 create mode 100644 main_folder/main_txt_1.txt
 create mode 100644 main_folder/main_txt_2.txt
 create mode 100644 main_folder/main_txt_3.txt

Admin@DESKTOP-U4ESRFO MINGW64 ~/Desktop/46_Luong_Ba_Thuoc_bai_tap (branch_3)
$ git push origin branch_3
Enumerating objects: 4, done.
Counting objects: 100% (4/4), done.
Delta compression using up to 2 threads
Compressing objects: 100% (2/2), done.
Writing objects: 100% (2/2), 361 bytes | 361.00 KiB/s, done.
Total 2 (delta 1), reused 0 (delta 0), pack-reused 0 (from 0)
remote: Resolving deltas: 100% (1/1), completed with 1 local object.
To https://github.com/lbthuoc/46_Luong_Ba_Thuoc_bai_tap.git
   3140af5..3a91c26  branch_3 -> branch_3

Admin@DESKTOP-U4ESRFO MINGW64 ~/Desktop/46_Luong_Ba_Thuoc_bai_tap (branch_3)
$ ls
BT3.txt  README.md  main_folder/  text_branch_3.txt

Admin@DESKTOP-U4ESRFO MINGW64 ~/Desktop/46_Luong_Ba_Thuoc_bai_tap (branch_3)
$ git checkout branch_1
Switched to branch 'branch_1'

Admin@DESKTOP-U4ESRFO MINGW64 ~/Desktop/46_Luong_Ba_Thuoc_bai_tap (branch_1)
$ git checkout -b branch_5
Switched to a new branch 'branch_5'

Admin@DESKTOP-U4ESRFO MINGW64 ~/Desktop/46_Luong_Ba_Thuoc_bai_tap (branch_5)
$ echo "Etiam malesuada felis nulla, ac porta dui sollicitudin eget. Mauris hendrerit non metus eget pellentesque. Etiam ornare ante at pretium hendrerit. Proin molestie accumsan sapien, ac finibus libero lobortis quis. Praesent ac commodo eros. Nullam malesuada vel dui nec feugiat. Cras justo ipsum, scelerisque et elit vitae, porttitor tristique turpis. Nam ut hendrerit est. Nulla sed tincidunt nibh. Class aptent taciti sociosqu ad litora torquent per conubia nostra, per inceptos himenaeos. Quisque vitae egestas lacus. Phasellus turpis ante, euismod quis pellentesque et, pharetra id ligula. Vestibulum mattis sem ac ligula auctor viverra. Phasellus dignissim mollis leo, vitae tristique enim." > text_branch_1.txt

Admin@DESKTOP-U4ESRFO MINGW64 ~/Desktop/46_Luong_Ba_Thuoc_bai_tap (branch_5)
$ git add text_branch_1.txt
warning: in the working copy of 'text_branch_1.txt', LF will be replaced by CRLF the next time Git touches it

Admin@DESKTOP-U4ESRFO MINGW64 ~/Desktop/46_Luong_Ba_Thuoc_bai_tap (branch_5)
$ git add text_branch_1.txt

Admin@DESKTOP-U4ESRFO MINGW64 ~/Desktop/46_Luong_Ba_Thuoc_bai_tap (branch_5)
$ git commit -m "Update text_branch_1.txt content in branch_5"
[branch_5 05380bc] Update text_branch_1.txt content in branch_5
 1 file changed, 1 insertion(+), 1 deletion(-)

Admin@DESKTOP-U4ESRFO MINGW64 ~/Desktop/46_Luong_Ba_Thuoc_bai_tap (branch_5)
$ git push origin branch_5
Enumerating objects: 5, done.
Counting objects: 100% (5/5), done.
Delta compression using up to 2 threads
Compressing objects: 100% (3/3), done.
Writing objects: 100% (3/3), 667 bytes | 111.00 KiB/s, done.
Total 3 (delta 1), reused 0 (delta 0), pack-reused 0 (from 0)
remote: Resolving deltas: 100% (1/1), completed with 1 local object.
remote:
remote: Create a pull request for 'branch_5' on GitHub by visiting:
remote:      https://github.com/lbthuoc/46_Luong_Ba_Thuoc_bai_tap/pull/new/branch_5
remote:
To https://github.com/lbthuoc/46_Luong_Ba_Thuoc_bai_tap.git
 * [new branch]      branch_5 -> branch_5

Admin@DESKTOP-U4ESRFO MINGW64 ~/Desktop/46_Luong_Ba_Thuoc_bai_tap (branch_5)
$ git branch -d branch_5
error: cannot delete branch 'branch_5' used by worktree at 'C:/Users/Admin/Desktop/46_Luong_Ba_Thuoc_bai_tap'

Admin@DESKTOP-U4ESRFO MINGW64 ~/Desktop/46_Luong_Ba_Thuoc_bai_tap (branch_5)
$ git checkout main
Switched to branch 'main'
Your branch is up to date with 'origin/main'.

Admin@DESKTOP-U4ESRFO MINGW64 ~/Desktop/46_Luong_Ba_Thuoc_bai_tap (main)
$ git pull origin main
From https://github.com/lbthuoc/46_Luong_Ba_Thuoc_bai_tap
 * branch            main       -> FETCH_HEAD
Already up to date.

Admin@DESKTOP-U4ESRFO MINGW64 ~/Desktop/46_Luong_Ba_Thuoc_bai_tap (main)
$ git checkout -b branch_4
Switched to a new branch 'branch_4'

Admin@DESKTOP-U4ESRFO MINGW64 ~/Desktop/46_Luong_Ba_Thuoc_bai_tap (branch_4)
$ echo "Noi dung trong file text_branch_4.txt o nhanh branch_4" > text_branch_4.txt

Admin@DESKTOP-U4ESRFO MINGW64 ~/Desktop/46_Luong_Ba_Thuoc_bai_tap (branch_4)
$ git add text_branch_4.txt
warning: in the working copy of 'text_branch_4.txt', LF will be replaced by CRLF the next time Git touches it

Admin@DESKTOP-U4ESRFO MINGW64 ~/Desktop/46_Luong_Ba_Thuoc_bai_tap (branch_4)
$ git add text_branch_4.txt

Admin@DESKTOP-U4ESRFO MINGW64 ~/Desktop/46_Luong_Ba_Thuoc_bai_tap (branch_4)
$ git commit -m "Add text_branch_4.txt in branch_4"
[branch_4 4f606b9] Add text_branch_4.txt in branch_4
 1 file changed, 1 insertion(+)
 create mode 100644 text_branch_4.txt

Admin@DESKTOP-U4ESRFO MINGW64 ~/Desktop/46_Luong_Ba_Thuoc_bai_tap (branch_4)
$ git push origin branch_4
Enumerating objects: 4, done.
Counting objects: 100% (4/4), done.
Delta compression using up to 2 threads
Compressing objects: 100% (3/3), done.
Writing objects: 100% (3/3), 349 bytes | 116.00 KiB/s, done.
Total 3 (delta 1), reused 0 (delta 0), pack-reused 0 (from 0)
remote: Resolving deltas: 100% (1/1), completed with 1 local object.
remote:
remote: Create a pull request for 'branch_4' on GitHub by visiting:
remote:      https://github.com/lbthuoc/46_Luong_Ba_Thuoc_bai_tap/pull/new/branch_4
remote:
To https://github.com/lbthuoc/46_Luong_Ba_Thuoc_bai_tap.git
 * [new branch]      branch_4 -> branch_4

Admin@DESKTOP-U4ESRFO MINGW64 ~/Desktop/46_Luong_Ba_Thuoc_bai_tap (branch_4)
$ git push origin branch_1
To https://github.com/lbthuoc/46_Luong_Ba_Thuoc_bai_tap.git
 ! [rejected]        branch_1 -> branch_1 (fetch first)
error: failed to push some refs to 'https://github.com/lbthuoc/46_Luong_Ba_Thuoc_bai_tap.git'
hint: Updates were rejected because the remote contains work that you do not
hint: have locally. This is usually caused by another repository pushing to
hint: the same ref. If you want to integrate the remote changes, use
hint: 'git pull' before pushing again.
hint: See the 'Note about fast-forwards' in 'git push --help' for details.

Admin@DESKTOP-U4ESRFO MINGW64 ~/Desktop/46_Luong_Ba_Thuoc_bai_tap (branch_4)
$ git checkout main
Switched to branch 'main'
Your branch is up to date with 'origin/main'.

Admin@DESKTOP-U4ESRFO MINGW64 ~/Desktop/46_Luong_Ba_Thuoc_bai_tap (main)
$ git pull origin main
remote: Enumerating objects: 14, done.
remote: Counting objects: 100% (14/14), done.
remote: Compressing objects: 100% (8/8), done.
remote: Total 8 (delta 2), reused 0 (delta 0), pack-reused 0 (from 0)
Unpacking objects: 100% (8/8), 4.62 KiB | 63.00 KiB/s, done.
From https://github.com/lbthuoc/46_Luong_Ba_Thuoc_bai_tap
 * branch            main       -> FETCH_HEAD
   2767ee0..8b8f3d9  main       -> origin/main
Updating 2767ee0..8b8f3d9
Fast-forward
 text_branch_1.txt | 1 +
 text_branch_2.txt | 1 +
 text_branch_3.txt | 1 +
 text_branch_4.txt | 1 +
 4 files changed, 4 insertions(+)
 create mode 100644 text_branch_1.txt
 create mode 100644 text_branch_2.txt
 create mode 100644 text_branch_3.txt
 create mode 100644 text_branch_4.txt

Admin@DESKTOP-U4ESRFO MINGW64 ~/Desktop/46_Luong_Ba_Thuoc_bai_tap (main)
$ git branch -d branch_2
Deleted branch branch_2 (was b04589b).

Admin@DESKTOP-U4ESRFO MINGW64 ~/Desktop/46_Luong_Ba_Thuoc_bai_tap (main)
$ git branch -d branch_3
Deleted branch branch_3 (was 3a91c26).

Admin@DESKTOP-U4ESRFO MINGW64 ~/Desktop/46_Luong_Ba_Thuoc_bai_tap (main)
$ git branch -d branch_4
Deleted branch branch_4 (was 4f606b9).

Admin@DESKTOP-U4ESRFO MINGW64 ~/Desktop/46_Luong_Ba_Thuoc_bai_tap (main)
$ git push origin --delete branch_2
To https://github.com/lbthuoc/46_Luong_Ba_Thuoc_bai_tap.git
 - [deleted]         branch_2

Admin@DESKTOP-U4ESRFO MINGW64 ~/Desktop/46_Luong_Ba_Thuoc_bai_tap (main)
$ git push origin --delete branch_3
To https://github.com/lbthuoc/46_Luong_Ba_Thuoc_bai_tap.git
 - [deleted]         branch_3

Admin@DESKTOP-U4ESRFO MINGW64 ~/Desktop/46_Luong_Ba_Thuoc_bai_tap (main)
$ git push origin --delete branch_4
To https://github.com/lbthuoc/46_Luong_Ba_Thuoc_bai_tap.git
 - [deleted]         branch_4

Admin@DESKTOP-U4ESRFO MINGW64 ~/Desktop/46_Luong_Ba_Thuoc_bai_tap (main)
$ git fetch --prune
From https://github.com/lbthuoc/46_Luong_Ba_Thuoc_bai_tap
 - [deleted]         (none)     -> origin/branch_5
   5ce7348..1034a68  branch_1   -> origin/branch_1

Admin@DESKTOP-U4ESRFO MINGW64 ~/Desktop/46_Luong_Ba_Thuoc_bai_tap (main)
$ git branch -r
  origin/HEAD -> origin/main
  origin/branch_1
  origin/main

Admin@DESKTOP-U4ESRFO MINGW64 ~/Desktop/46_Luong_Ba_Thuoc_bai_tap (main)
$ git checkout branch_1
Switched to branch 'branch_1'

Admin@DESKTOP-U4ESRFO MINGW64 ~/Desktop/46_Luong_Ba_Thuoc_bai_tap (branch_1)
$ git pull origin main
From https://github.com/lbthuoc/46_Luong_Ba_Thuoc_bai_tap
 * branch            main       -> FETCH_HEAD
Updating 5ce7348..8b8f3d9
Fast-forward
 text_branch_1.txt | 2 +-
 text_branch_2.txt | 1 +
 text_branch_3.txt | 1 +
 text_branch_4.txt | 1 +
 4 files changed, 4 insertions(+), 1 deletion(-)
 create mode 100644 text_branch_2.txt
 create mode 100644 text_branch_3.txt
 create mode 100644 text_branch_4.txt

Admin@DESKTOP-U4ESRFO MINGW64 ~/Desktop/46_Luong_Ba_Thuoc_bai_tap (branch_1)
$ git push origin branch_1
Total 0 (delta 0), reused 0 (delta 0), pack-reused 0 (from 0)
To https://github.com/lbthuoc/46_Luong_Ba_Thuoc_bai_tap.git
   1034a68..8b8f3d9  branch_1 -> branch_1

Admin@DESKTOP-U4ESRFO MINGW64 ~/Desktop/46_Luong_Ba_Thuoc_bai_tap (branch_1)
$ touch 46_Luong_Ba_Thuoc_doan_ma.txt

Admin@DESKTOP-U4ESRFO MINGW64 ~/Desktop/46_Luong_Ba_Thuoc_bai_tap (branch_1)
$ ^C

Admin@DESKTOP-U4ESRFO MINGW64 ~/Desktop/46_Luong_Ba_Thuoc_bai_tap (branch_1)
$ notepad 46_Luong_Ba_Thuoc_doan_ma.txt


Admin@DESKTOP-U4ESRFO MINGW64 ~/Desktop/46_Luong_Ba_Thuoc_bai_tap (branch_1)
$

Admin@DESKTOP-U4ESRFO MINGW64 ~/Desktop/46_Luong_Ba_Thuoc_bai_tap (branch_1)
$ git add 46_Luong_Ba_Thuoc_doan_ma.txt

Admin@DESKTOP-U4ESRFO MINGW64 ~/Desktop/46_Luong_Ba_Thuoc_bai_tap (branch_1)
$ git commit -m "Thêm file tổng hợp mã từ bài 1 đến bài 9"
[branch_1 c052180] Thêm file tổng hợp mã từ bài 1 đến bài 9
 1 file changed, 713 insertions(+)
 create mode 100644 46_Luong_Ba_Thuoc_doan_ma.txt

Admin@DESKTOP-U4ESRFO MINGW64 ~/Desktop/46_Luong_Ba_Thuoc_bai_tap (branch_1)
$ git push origin main
Everything up-to-date

Admin@DESKTOP-U4ESRFO MINGW64 ~/Desktop/46_Luong_Ba_Thuoc_bai_tap (branch_1)
$ git clone https://github.com/lbthuoc/THCS19A2_BT_CHUONG3.git
Cloning into 'THCS19A2_BT_CHUONG3'...
remote: Repository not found.
fatal: repository 'https://github.com/lbthuoc/THCS19A2_BT_CHUONG3.git/' not found

Admin@DESKTOP-U4ESRFO MINGW64 ~/Desktop/46_Luong_Ba_Thuoc_bai_tap (branch_1)
$ git clone https://github.com/lbthuoc/THCS19A2_BT_CHUONG3/fork
Cloning into 'fork'...
remote: Not Found
fatal: repository 'https://github.com/lbthuoc/THCS19A2_BT_CHUONG3/fork/' not found

Admin@DESKTOP-U4ESRFO MINGW64 ~/Desktop/46_Luong_Ba_Thuoc_bai_tap (branch_1)
$ git clone https://github.com/lbthuoc/THCS19A2_BT_CHUONG3
Cloning into 'THCS19A2_BT_CHUONG3'...
remote: Enumerating objects: 3, done.
remote: Counting objects: 100% (3/3), done.
remote: Total 3 (delta 0), reused 3 (delta 0), pack-reused 0 (from 0)
Receiving objects: 100% (3/3), done.

Admin@DESKTOP-U4ESRFO MINGW64 ~/Desktop/46_Luong_Ba_Thuoc_bai_tap (branch_1)
$ cd THCS19A2_BT_CHUONG3

Admin@DESKTOP-U4ESRFO MINGW64 ~/Desktop/46_Luong_Ba_Thuoc_bai_tap/THCS19A2_BT_CHUONG3 (main)
$ mkdir ^C

Admin@DESKTOP-U4ESRFO MINGW64 ~/Desktop/46_Luong_Ba_Thuoc_bai_tap/THCS19A2_BT_CHUONG3 (main)
$ mkdir 46_Luong_Ba_Thuoc

Admin@DESKTOP-U4ESRFO MINGW64 ~/Desktop/46_Luong_Ba_Thuoc_bai_tap/THCS19A2_BT_CHUONG3 (main)
$ cp /d/BaiTap/46_Luong_Ba_Thuoc_doan_ma.txt ./^C

Admin@DESKTOP-U4ESRFO MINGW64 ~/Desktop/46_Luong_Ba_Thuoc_bai_tap/THCS19A2_BT_CHUONG3 (main)
$ cp /d/BaiTap/46_Luong_Ba_Thuoc_doan_ma.txt ./46_Luong_Ba_Thuoc/
cp: cannot stat '/d/BaiTap/46_Luong_Ba_Thuoc_doan_ma.txt': No such file or directory

Admin@DESKTOP-U4ESRFO MINGW64 ~/Desktop/46_Luong_Ba_Thuoc_bai_tap/THCS19A2_BT_CHUONG3 (main)
$ cp /d/BaiTap/46_Luong_Ba_Thuoc_doan_ma.txt ./46_Luong_Ba_Thuoc/
cp: cannot stat '/d/BaiTap/46_Luong_Ba_Thuoc_doan_ma.txt': No such file or directory

Admin@DESKTOP-U4ESRFO MINGW64 ~/Desktop/46_Luong_Ba_Thuoc_bai_tap/THCS19A2_BT_CHUONG3 (main)
$ ls
46_Luong_Ba_Thuoc/  README.md

Admin@DESKTOP-U4ESRFO MINGW64 ~/Desktop/46_Luong_Ba_Thuoc_bai_tap/THCS19A2_BT_CHUONG3 (main)
$  cp /d/BaiTap/46_Luong_Ba_Thuoc_doan_ma.txt ./46_Luong_Ba_Thuoc/
cp: cannot stat '/d/BaiTap/46_Luong_Ba_Thuoc_doan_ma.txt': No such file or directory

Admin@DESKTOP-U4ESRFO MINGW64 ~/Desktop/46_Luong_Ba_Thuoc_bai_tap/THCS19A2_BT_CHUONG3 (main)
$ cp -r ~ /Desktop/46_Luong_Ba_Thuoc_bai_tap/*./46_Luong_Ba_Thuoc/
cp: cannot create directory '/Desktop/46_Luong_Ba_Thuoc_bai_tap/*./46_Luong_Ba_Thuoc/': No such file or directory

Admin@DESKTOP-U4ESRFO MINGW64 ~/Desktop/46_Luong_Ba_Thuoc_bai_tap/THCS19A2_BT_CHUONG3 (main)
$  cp -r ~ /Desktop/46_Luong_Ba_Thuoc_bai_tap/46_Luong_Ba_Thuoc_doan_ma_txt./46_Luong_Ba_Thuoc/
cp: cannot create directory '/Desktop/46_Luong_Ba_Thuoc_bai_tap/46_Luong_Ba_Thuoc_doan_ma_txt./46_Luong_Ba_Thuoc/': No such file or directory

Admin@DESKTOP-U4ESRFO MINGW64 ~/Desktop/46_Luong_Ba_Thuoc_bai_tap/THCS19A2_BT_CHUONG3 (main)
$ ls ~ /Desktop/46_Luong_Ba_Thuoc_bai_tap
ls: cannot access '/Desktop/46_Luong_Ba_Thuoc_bai_tap': No such file or directory
/c/Users/Admin:
 -1.14-windows.xml    Favorites/                                                                                    'Saved Games'/
'3D Objects'/         IntelGraphicsProfiles/                                                                         Searches/
 AppData/             Links/                                                                                         SendTo@
'Application Data'@  'Local Settings'@                                                                              'Start Menu'@
 CentralRepo/         Music/                                                                                         Templates@
 Contacts/           'My Documents'@                                                                                 ThucHanhGit/
 Cookies@             NTUSER.DAT                                                                                     Tracing/
 Desktop/             NTUSER.DAT{4ec5f980-b02c-11ed-80e5-eecff306801d}.TM.blf                                        Videos/
 Dev1/                NTUSER.DAT{4ec5f980-b02c-11ed-80e5-eecff306801d}.TMContainer00000000000000000001.regtrans-ms   inittk.ini
 Dev2/                NTUSER.DAT{4ec5f980-b02c-11ed-80e5-eecff306801d}.TMContainer00000000000000000002.regtrans-ms   inst.ini
 Documents/           NetHood@                                                                                       ntuser.dat.LOG1
 Downloads/           Nox_share/                                                                                     ntuser.dat.LOG2
 EX10/                OneDrive/                                                                                      ntuser.ini
 EX6/                 Pictures/                                                                                      nuuid.ini
 EX8/                 PrintHood@                                                                                     useruid.ini
 EX9/                 Recent@                                                                                        vmlogs/

Admin@DESKTOP-U4ESRFO MINGW64 ~/Desktop/46_Luong_Ba_Thuoc_bai_tap/THCS19A2_BT_CHUONG3 (main)
$
